MPLINK 4.49, Linker
Linker Map File - Created Mon Nov 19 17:19:12 2018

                                 Section Info
                  Section       Type    Address   Location Size(Bytes)
                ---------  ---------  ---------  ---------  ---------
                   .org_0       code   0x000000    program   0x000000
                   .org_1       code   0x000000    program   0x000002
                   .org_2       code   0x000004    program   0x00009e



                              Program Memory Usage 
                               Start         End      
                           ---------   ---------      
                            0x000000    0x000000      
                            0x000004    0x000052      
            80 out of 8454 program addresses used, program memory utilization is 0%



                              Symbols - Sorted by Name
                     Name    Address   Location    Storage File                     
                ---------  ---------  ---------  --------- ---------                
                ANA_METOT   0x000020    program     static D:\mikroislemciler\2018GuzDonemi\50.uygulama\uygulama-50.asm
                  GECIKME   0x00004a    program     static D:\mikroislemciler\2018GuzDonemi\50.uygulama\uygulama-50.asm
              KESME_METOT   0x000005    program     static D:\mikroislemciler\2018GuzDonemi\50.uygulama\uygulama-50.asm
                  KONTROL   0x000049    program     static D:\mikroislemciler\2018GuzDonemi\50.uygulama\uygulama-50.asm
               LED_SONDUR   0x00001b    program     static D:\mikroislemciler\2018GuzDonemi\50.uygulama\uygulama-50.asm
                  LED_YAK   0x000019    program     static D:\mikroislemciler\2018GuzDonemi\50.uygulama\uygulama-50.asm
                  TEKRAR1   0x00004c    program     static D:\mikroislemciler\2018GuzDonemi\50.uygulama\uygulama-50.asm
                  TEKRAR2   0x00004e    program     static D:\mikroislemciler\2018GuzDonemi\50.uygulama\uygulama-50.asm



                              Symbols - Sorted by Address
                     Name    Address   Location    Storage File                     
                ---------  ---------  ---------  --------- ---------                
              KESME_METOT   0x000005    program     static D:\mikroislemciler\2018GuzDonemi\50.uygulama\uygulama-50.asm
                  LED_YAK   0x000019    program     static D:\mikroislemciler\2018GuzDonemi\50.uygulama\uygulama-50.asm
               LED_SONDUR   0x00001b    program     static D:\mikroislemciler\2018GuzDonemi\50.uygulama\uygulama-50.asm
                ANA_METOT   0x000020    program     static D:\mikroislemciler\2018GuzDonemi\50.uygulama\uygulama-50.asm
                  KONTROL   0x000049    program     static D:\mikroislemciler\2018GuzDonemi\50.uygulama\uygulama-50.asm
                  GECIKME   0x00004a    program     static D:\mikroislemciler\2018GuzDonemi\50.uygulama\uygulama-50.asm
                  TEKRAR1   0x00004c    program     static D:\mikroislemciler\2018GuzDonemi\50.uygulama\uygulama-50.asm
                  TEKRAR2   0x00004e    program     static D:\mikroislemciler\2018GuzDonemi\50.uygulama\uygulama-50.asm


